geolocation	count	percent	histogram
2	988	98.8	■■■■■■■■■■■■■■■■■■■■■■■■■■■■■■■■■■■■■■
vlen(None)	12	1.2	
