Item	count	avg_Units
Binder	15	48.13
Pencil	13	95.00
Pen Set	7	56.43
Pen	5	55.60
Desk	3	3.33
