Diet	mean_Mass
InsectVert	55.86
PlantInsect	36.78
Plant	21.81
Insect	11.28
