Key	data2_C	data2_D	data1_A	data1_B
1			a1	b1
3	c2	d2		
