record_id	month	day	year	plot_id	species_id	sex	hindfoot_length	weight
63	8	19	1977	3	DM	M	35	40
64	8	19	1977	7	DM	M	37	48
65	8	19	1977	4	DM	F	34	29
66	8	19	1977	4	DM	F	35	46
67	8	19	1977	7	DM	M	35	36
68	8	19	1977	8	DO	F	32	52
69	8	19	1977	2	PF	M	15	8
70	8	19	1977	3	OX	F	21	22
71	8	19	1977	7	DM	F	36	35
74	8	19	1977	8	PF	M	12	7
75	8	19	1977	8	DM	F	32	22
78	8	19	1977	1	PF	M	16	9
79	8	19	1977	7	DM	F	34	42
81	8	19	1977	4	PF	F	14	8
82	8	19	1977	4	DM	F	35	41
83	8	20	1977	6	DM	F	37	37
84	8	20	1977	19	DM	F	35	43
85	8	20	1977	23	DM	F	35	41
86	8	20	1977	18	DM	F	33	40
87	8	20	1977	5	PF	F	11	9
88	8	20	1977	18	DM	F	35	45
89	8	20	1977	12	PP	F	20	15
90	8	20	1977	18	DM	M	35	29
92	8	20	1977	6	DM	M	35	39
93	8	20	1977	18	DM	Null	Null	42
94	8	20	1977	18	DM	F	36	43
95	8	20	1977	23	DM	M	38	46
96	8	20	1977	12	DM	M	36	41
97	8	20	1977	18	DM	M	36	41
98	8	20	1977	5	DM	M	38	40
99	8	20	1977	11	DM	M	37	45
101	8	20	1977	5	DM	F	35	46
102	8	20	1977	23	DM	F	35	40
103	8	20	1977	18	DM	F	35	30
105	8	20	1977	19	DM	M	35	39
109	8	20	1977	6	DM	M	35	34
111	8	20	1977	11	DM	F	37	42
112	8	20	1977	23	DM	M	37	42
113	8	20	1977	5	PF	F	13	8
116	8	21	1977	13	DM	F	37	31
146	8	21	1977	13	DM	F	36	40
157	9	11	1977	20	DM	M	36	37
158	9	11	1977	22	DM	M	36	48
161	9	11	1977	5	DM	M	37	42
162	9	11	1977	6	DM	F	39	45
163	9	11	1977	12	PP	F	21	16
164	9	11	1977	22	DM	F	36	36
167	9	11	1977	6	DM	M	36	42
168	9	11	1977	12	DM	M	36	44
170	9	11	1977	20	DM	F	36	41
172	9	11	1977	22	PF	F	Null	8
173	9	11	1977	12	DM	F	36	40
174	9	11	1977	12	DM	M	37	34
175	9	11	1977	19	DM	M	33	40
177	9	11	1977	5	OX	F	Null	20
178	9	11	1977	18	DM	M	33	44
179	9	11	1977	12	DM	M	37	44
180	9	11	1977	6	DM	M	34	36
181	9	11	1977	20	DM	M	35	33
183	9	11	1977	5	DM	F	37	46
186	9	11	1977	19	DM	F	34	35
187	9	12	1977	17	DM	M	36	46
189	9	12	1977	17	DM	F	33	37
190	9	12	1977	7	DM	M	36	34
192	9	12	1977	4	DM	F	36	45
196	9	12	1977	7	PF	F	15	7
197	9	12	1977	14	DM	M	37	51
198	9	12	1977	4	DM	M	35	39
199	9	12	1977	11	DM	M	36	29
202	9	12	1977	17	DM	F	32	48
203	9	12	1977	11	DM	M	38	46
204	9	12	1977	16	DM	F	37	41
208	9	12	1977	14	DM	M	37	45
209	9	12	1977	17	DM	F	35	42
210	9	12	1977	11	DM	F	36	53
213	9	12	1977	14	DM	F	35	49
215	9	12	1977	14	DM	F	36	46
216	9	12	1977	4	PF	F	13	9
217	9	13	1977	3	PP	F	19	15
218	9	13	1977	1	PF	M	13	4
219	9	13	1977	13	DM	M	36	48
226	9	13	1977	2	DM	M	37	51
228	9	13	1977	9	DM	M	38	50
229	9	13	1977	13	DM	M	35	44
233	9	13	1977	2	DM	M	25	44
234	9	13	1977	9	DM	M	35	45
235	9	13	1977	13	DM	F	37	45
238	9	13	1977	2	PE	M	20	19
242	9	13	1977	2	OX	M	19	22
243	10	16	1977	6	DM	F	38	44
244	10	16	1977	22	DM	F	36	42
245	10	16	1977	2	DM	M	37	39
246	10	16	1977	13	DM	M	37	47
248	10	16	1977	22	OT	M	Null	21
249	10	16	1977	13	DM	M	36	42
251	10	16	1977	2	DM	M	36	49
253	10	16	1977	20	DM	M	38	39
254	10	16	1977	20	DM	F	36	43
255	10	16	1977	18	DM	M	35	50
256	10	16	1977	6	DM	M	36	41
257	10	16	1977	2	DM	M	37	47
258	10	16	1977	18	DM	F	36	37
259	10	16	1977	2	DM	M	36	41
260	10	16	1977	22	DM	F	36	36
261	10	16	1977	6	DM	M	36	45
262	10	16	1977	20	PE	M	19	20
263	10	16	1977	1	DM	M	37	40
265	10	16	1977	9	DM	M	38	49
268	10	16	1977	2	DM	F	36	55
269	10	16	1977	6	DM	M	37	46
270	10	16	1977	1	DM	F	36	38
273	10	16	1977	9	DM	M	37	44
274	10	16	1977	2	OL	F	20	21
275	10	16	1977	20	DM	M	37	41
277	10	16	1977	6	OL	Null	20	21
280	10	16	1977	18	DM	M	37	46
283	10	16	1977	6	DM	M	34	36
284	10	16	1977	13	DM	M	37	44
285	10	16	1977	1	DM	M	36	53
287	10	17	1977	17	DM	M	38	41
288	10	17	1977	17	DM	M	37	48
289	10	17	1977	14	DM	M	38	47
292	10	17	1977	3	DO	F	36	33
293	10	17	1977	4	DM	F	36	42
294	10	17	1977	3	DO	F	37	50
295	10	17	1977	11	DM	M	36	41
296	10	17	1977	17	OT	Null	18	21
298	10	17	1977	19	DM	M	36	49
302	10	17	1977	19	DM	F	36	44
303	10	17	1977	3	DM	M	36	31
304	10	17	1977	21	DM	M	37	40
305	10	17	1977	14	DM	F	35	40
306	10	17	1977	16	DM	M	33	23
307	10	17	1977	19	DM	M	36	42
311	10	17	1977	19	RM	M	18	13
312	10	17	1977	11	DM	F	36	42
313	10	17	1977	19	DM	M	35	31
315	10	17	1977	3	DM	M	36	39
316	10	17	1977	15	DM	M	37	48
317	10	17	1977	17	DO	F	32	48
318	10	17	1977	17	DM	M	33	29
319	10	17	1977	14	DM	M	36	45
320	10	17	1977	17	DM	F	35	39
321	10	17	1977	17	OL	F	Null	23
323	10	17	1977	17	DO	F	33	31
328	10	18	1977	16	DM	F	Null	43
330	10	18	1977	5	DM	M	37	43
332	10	18	1977	12	PF	M	16	8
334	10	18	1977	5	DM	F	37	45
336	10	18	1977	12	DM	M	36	40
337	10	18	1977	8	DO	F	35	41
338	10	18	1977	12	DM	M	37	41
340	10	18	1977	12	DM	F	36	39
342	10	18	1977	16	DM	M	34	25
345	11	12	1977	22	DM	F	34	45
346	11	12	1977	2	DM	F	37	36
347	11	12	1977	6	DM	F	38	40
348	11	12	1977	13	DM	M	36	44
350	11	12	1977	2	DM	M	37	47
352	11	12	1977	1	DM	M	36	40
354	11	12	1977	2	DM	M	38	44
356	11	12	1977	1	DO	F	32	44
357	11	12	1977	9	DS	F	50	117
358	11	12	1977	13	PF	F	16	7
359	11	12	1977	18	DM	M	36	40
360	11	12	1977	20	DM	F	35	39
361	11	12	1977	2	DM	F	36	40
362	11	12	1977	1	DS	F	51	121
364	11	12	1977	9	DM	M	37	46
365	11	12	1977	1	DM	F	38	35
367	11	12	1977	20	DS	M	51	115
368	11	12	1977	9	PF	F	16	7
369	11	12	1977	20	DM	F	36	39
370	11	12	1977	9	DM	M	35	40
371	11	12	1977	13	DM	M	36	40
372	11	12	1977	22	DM	F	36	35
373	11	12	1977	6	DM	M	34	36
374	11	12	1977	18	DM	M	37	44
375	11	12	1977	9	PF	F	15	6
376	11	12	1977	1	PF	F	15	7
377	11	12	1977	9	DS	F	48	120
378	11	12	1977	1	DO	M	33	48
379	11	13	1977	14	DM	M	36	44
380	11	13	1977	17	DM	F	33	38
381	11	13	1977	17	DS	F	48	118
382	11	13	1977	17	DM	M	37	40
383	11	13	1977	11	DS	F	52	126
384	11	13	1977	11	DM	M	36	37
385	11	13	1977	17	DS	M	50	132
388	11	13	1977	11	DM	F	36	39
389	11	13	1977	14	DS	F	Null	113
391	11	13	1977	11	PF	M	15	7
392	11	13	1977	11	DS	F	53	122
394	11	13	1977	4	DS	F	48	107
395	11	13	1977	14	DM	M	36	43
396	11	13	1977	14	DM	F	36	40
397	11	13	1977	17	RM	F	16	7
398	11	13	1977	4	DS	F	50	115
399	11	13	1977	17	DM	F	36	39
404	11	14	1977	12	DM	M	37	40
407	11	14	1977	5	DS	F	50	116
408	11	14	1977	8	PF	F	9	6
409	11	14	1977	12	DM	F	36	38
410	11	14	1977	5	DS	M	53	137
411	11	14	1977	5	DM	M	36	42
412	11	14	1977	5	DS	M	52	126
413	11	14	1977	8	DS	F	49	112
414	11	14	1977	8	DO	F	34	39
415	11	14	1977	5	DM	F	36	41
420	12	10	1977	13	DM	F	38	48
421	12	10	1977	9	DS	F	51	121
422	12	10	1977	2	DM	F	37	42
423	12	10	1977	13	DM	M	36	42
424	12	10	1977	2	DM	M	37	52
425	12	10	1977	20	DM	F	36	38
426	12	10	1977	22	DM	M	36	45
427	12	10	1977	2	DM	F	37	37
428	12	10	1977	9	DO	F	33	40
429	12	10	1977	1	DM	M	Null	38
430	12	10	1977	9	PF	F	15	7
433	12	10	1977	9	DM	M	38	44
434	12	10	1977	13	PF	F	16	7
436	12	10	1977	18	DM	F	37	33
437	12	10	1977	18	DM	F	37	38
438	12	10	1977	2	DM	M	36	47
439	12	10	1977	20	DM	F	36	39
440	12	10	1977	1	PF	F	16	7
443	12	10	1977	13	DM	M	35	42
444	12	10	1977	6	DM	M	38	36
447	12	10	1977	18	DM	M	37	44
448	12	10	1977	20	DS	M	51	116
449	12	10	1977	2	DM	M	35	43
450	12	10	1977	1	DO	M	33	45
451	12	10	1977	9	DS	F	51	116
453	12	10	1977	9	DM	M	36	42
454	12	10	1977	1	DM	F	36	38
460	12	11	1977	12	DS	F	Null	114
461	12	11	1977	14	DM	M	36	41
462	12	11	1977	17	DM	M	36	40
463	12	11	1977	4	DS	M	49	134
464	12	11	1977	5	DS	M	49	139
466	12	11	1977	4	DS	F	51	118
467	12	11	1977	8	DO	F	32	41
468	12	11	1977	11	DM	M	35	37
470	12	11	1977	4	PF	M	15	6
472	12	11	1977	11	DS	F	49	127
474	12	11	1977	8	PF	F	15	6
476	12	11	1977	8	DS	F	Null	120
477	12	11	1977	17	DS	F	47	115
479	12	11	1977	14	DM	F	36	40
480	12	11	1977	14	DS	F	47	114
481	12	11	1977	17	DM	F	35	37
482	12	11	1977	17	DM	M	37	46
483	12	11	1977	8	DS	M	49	149
484	12	11	1977	11	DM	F	37	38
485	12	11	1977	11	DS	M	52	127
487	12	11	1977	12	DM	F	38	36
488	12	11	1977	12	DM	M	37	41
490	12	11	1977	14	DM	M	37	44
491	12	11	1977	11	DS	M	48	138
492	12	11	1977	12	DS	M	49	110
493	12	11	1977	4	DS	F	49	110
496	12	11	1977	17	DM	F	36	37
498	12	11	1977	3	PF	M	16	7
499	12	11	1977	11	DS	F	51	121
502	12	11	1977	5	DM	F	36	43
505	1	8	1978	13	DM	M	36	43
507	1	8	1978	2	DM	M	35	44
508	1	8	1978	20	DM	F	36	36
510	1	8	1978	13	PF	F	16	8
511	1	8	1978	2	DM	M	36	38
512	1	8	1978	9	DS	F	48	122
514	1	8	1978	9	PF	M	16	7
515	1	8	1978	9	DO	F	Null	42
516	1	8	1978	9	DM	M	38	46
517	1	8	1978	2	PE	M	26	22
518	1	8	1978	2	DM	M	36	38
519	1	8	1978	2	DM	M	38	48
520	1	8	1978	3	PF	M	15	7
521	1	8	1978	2	DM	M	36	43
522	1	8	1978	2	DM	F	37	35
523	1	8	1978	2	DM	M	36	43
525	1	8	1978	6	DM	M	34	36
526	1	8	1978	9	DS	F	51	117
527	1	8	1978	2	DM	F	37	37
528	1	8	1978	20	DS	M	51	122
529	1	8	1978	9	DM	M	36	43
530	1	8	1978	13	DM	M	37	42
532	1	8	1978	2	PF	F	Null	7
533	1	8	1978	2	DM	M	Null	45
538	1	9	1978	17	DM	M	36	40
539	1	9	1978	17	DM	F	34	37
540	1	9	1978	17	DS	F	47	117
541	1	9	1978	11	DM	M	36	40
542	1	9	1978	1	DM	M	36	40
543	1	9	1978	4	DS	M	49	132
545	1	9	1978	1	DM	F	38	36
548	1	9	1978	8	DS	M	53	150
549	1	9	1978	11	DM	M	38	44
550	1	9	1978	14	DM	F	36	40
551	1	9	1978	4	DS	F	50	126
552	1	9	1978	11	DS	F	51	122
553	1	9	1978	8	DS	F	50	136
555	1	9	1978	14	DS	F	48	116
556	1	9	1978	17	DM	F	36	38
557	1	9	1978	11	DM	F	37	39
558	1	9	1978	1	DS	F	49	135
559	1	9	1978	14	DM	M	36	46
560	1	9	1978	17	DS	M	50	133
561	1	9	1978	11	DS	M	53	136
564	1	10	1978	18	DS	F	51	141
566	1	10	1978	18	DM	F	36	38
567	1	10	1978	12	DM	F	36	35
569	1	10	1978	5	DS	M	Null	135
571	1	10	1978	18	DM	F	Null	33
572	1	10	1978	18	DM	M	38	51
573	1	10	1978	5	DS	F	Null	122
574	1	10	1978	18	DM	F	34	33
575	1	10	1978	18	DM	M	38	47
576	1	10	1978	18	DM	M	36	49
578	1	10	1978	18	DM	M	Null	46
579	1	10	1978	5	DM	F	Null	45
580	1	10	1978	12	DM	M	Null	41
584	2	18	1978	3	OT	M	Null	24
585	2	18	1978	2	DS	M	53	157
586	2	18	1978	13	DM	M	35	51
588	2	18	1978	2	NL	M	Null	218
589	2	18	1978	20	DM	F	39	38
590	2	18	1978	2	PF	F	16	7
592	2	18	1978	22	DM	M	39	45
593	2	18	1978	2	DM	M	38	52
594	2	18	1978	9	DM	M	38	50
595	2	18	1978	2	DM	M	37	51
596	2	18	1978	9	DS	F	Null	126
597	2	18	1978	20	DM	F	33	39
598	2	18	1978	2	OT	F	Null	24
599	2	18	1978	3	OT	F	15	23
600	2	18	1978	2	DM	F	37	40
601	2	18	1978	2	DM	M	36	41
602	2	18	1978	13	DM	M	37	46
603	2	18	1978	2	OT	M	Null	25
604	2	18	1978	2	PE	M	22	25
607	2	19	1978	5	DM	F	36	39
608	2	19	1978	17	DM	F	34	42
610	2	19	1978	17	DM	M	37	39
611	2	19	1978	21	OT	F	20	23
614	2	19	1978	4	DS	F	49	124
615	2	19	1978	5	DS	F	49	114
616	2	19	1978	11	DM	M	36	44
617	2	19	1978	11	DM	M	38	48
619	2	19	1978	14	DM	F	39	44
620	2	19	1978	8	DS	F	49	132
622	2	19	1978	17	DS	F	46	137
624	2	19	1978	4	DM	M	35	39
625	2	19	1978	5	DM	F	35	56
626	2	19	1978	17	OL	F	20	35
629	2	19	1978	14	NL	Null	Null	197
630	2	19	1978	5	OT	F	18	22
631	2	19	1978	5	OT	M	20	25
633	2	19	1978	8	DS	M	55	154
635	2	20	1978	15	DM	M	38	49
636	2	20	1978	18	DM	F	36	44
637	2	20	1978	18	DM	F	38	35
638	2	20	1978	12	DM	F	37	36
639	2	20	1978	1	DM	F	35	39
640	2	20	1978	12	DS	F	50	133
641	2	20	1978	15	DM	M	38	50
642	2	20	1978	1	DM	M	36	43
643	2	20	1978	15	DM	F	35	40
644	2	20	1978	18	DM	M	38	45
645	2	20	1978	12	DM	M	38	44
646	2	20	1978	18	NL	M	32	228
647	2	20	1978	1	DS	F	52	144
648	2	20	1978	16	DM	F	37	46
649	2	20	1978	16	DM	M	35	48
650	3	11	1978	2	PF	F	15	7
651	3	11	1978	20	DM	M	38	45
652	3	11	1978	2	PF	M	14	8
653	3	11	1978	22	DS	F	47	133
654	3	11	1978	22	DM	F	37	40
655	3	11	1978	3	NL	M	32	232
656	3	11	1978	9	DS	F	49	128
657	3	11	1978	2	DS	M	54	153
658	3	11	1978	3	OT	F	21	22
659	3	11	1978	20	OT	F	20	21
660	3	11	1978	2	DM	M	37	53
662	3	11	1978	13	PF	F	15	8
663	3	11	1978	2	OT	M	18	25
664	3	11	1978	2	DM	M	35	43
665	3	11	1978	20	DM	F	35	43
666	3	11	1978	13	OL	M	21	38
667	3	11	1978	20	DM	F	35	42
668	3	11	1978	3	OT	M	21	26
669	3	11	1978	9	DS	F	50	146
670	3	11	1978	2	OT	F	20	25
671	3	11	1978	2	PE	M	20	28
672	3	11	1978	3	PF	M	15	8
673	3	11	1978	2	PE	F	Null	29
674	3	11	1978	20	DS	M	49	122
677	3	12	1978	5	DS	M	52	137
678	3	12	1978	4	DS	M	49	131
679	3	12	1978	5	DS	F	49	125
684	3	12	1978	4	DM	M	35	43
687	3	12	1978	5	DS	F	Null	69
688	3	12	1978	4	DS	F	48	141
689	3	12	1978	11	DS	M	53	138
690	3	12	1978	11	DM	M	36	43
691	3	12	1978	4	DS	F	50	124
694	3	12	1978	11	DM	F	37	43
696	3	12	1978	5	DM	F	37	45
697	3	12	1978	11	DM	M	36	46
699	3	12	1978	5	DM	F	36	43
700	3	12	1978	5	DM	M	37	49
702	3	12	1978	5	DM	M	35	47
708	3	12	1978	5	OT	M	20	26
710	3	13	1978	8	DS	M	49	152
711	3	13	1978	18	DM	F	37	44
712	3	13	1978	15	DM	M	36	48
713	3	13	1978	8	OT	M	15	29
714	3	13	1978	15	DM	F	Null	44
715	3	13	1978	18	DM	M	36	49
716	3	13	1978	15	DM	M	35	45
717	3	13	1978	1	DM	F	Null	51
718	3	13	1978	8	DO	M	35	57
720	3	13	1978	8	DS	F	47	134
721	3	13	1978	1	DM	F	37	44
722	3	13	1978	16	OL	F	Null	30
723	3	13	1978	8	OT	F	16	35
724	3	13	1978	15	DM	M	37	48
725	3	13	1978	1	DS	F	Null	146
726	3	13	1978	18	DM	F	Null	37
729	3	13	1978	15	DM	M	36	46
731	4	8	1978	2	DS	F	47	110
770	4	9	1978	4	DM	M	37	26
771	4	9	1978	4	DM	M	35	44
773	4	9	1978	5	DM	M	37	48
774	4	9	1978	5	DM	M	36	39
775	4	9	1978	5	DM	M	37	44
776	4	9	1978	5	DM	M	37	45
777	4	9	1978	8	OT	M	20	27
778	4	9	1978	8	DM	M	36	36
780	4	9	1978	11	DM	M	Null	51
781	4	9	1978	11	DM	F	37	45
782	4	9	1978	11	DM	M	37	47
783	4	9	1978	14	DS	F	47	90
784	4	9	1978	17	OT	M	Null	23
785	4	9	1978	17	DM	M	39	49
786	4	9	1978	11	DS	M	52	131
787	4	9	1978	5	DS	F	50	114
788	4	9	1978	17	DM	M	36	42
789	4	9	1978	8	DS	M	52	148
790	4	9	1978	5	DS	F	50	76
791	4	9	1978	5	DS	M	53	141
792	4	9	1978	17	DM	F	34	42
793	4	9	1978	4	DS	F	49	121
794	4	9	1978	11	DM	M	35	44
795	4	9	1978	17	DO	F	33	55
796	4	9	1978	4	DS	M	50	133
797	4	9	1978	17	DS	M	50	142
798	4	9	1978	8	DS	F	48	142
799	4	9	1978	11	DM	F	36	46
800	4	9	1978	5	DM	F	35	50
801	4	9	1978	14	DS	F	46	142
803	4	9	1978	4	DS	F	48	84
804	4	9	1978	4	DM	M	34	42
805	4	9	1978	17	DS	F	47	142
806	4	9	1978	4	DS	F	47	118
807	4	9	1978	17	DM	F	35	43
808	4	9	1978	11	DS	F	51	132
809	4	9	1978	11	DS	F	47	75
810	4	9	1978	14	DM	F	Null	49
814	4	10	1978	1	DS	M	55	168
815	4	10	1978	1	DM	F	38	43
816	4	10	1978	18	DS	F	46	84
818	4	10	1978	1	DS	F	49	87
819	4	10	1978	12	DS	F	Null	117
820	4	10	1978	18	DM	F	35	42
821	4	10	1978	16	DM	F	34	41
822	4	10	1978	1	DS	F	48	140
823	4	10	1978	18	DM	F	33	40
824	4	10	1978	12	DM	M	38	45
825	4	10	1978	18	NL	M	Null	225
826	4	10	1978	16	OT	M	20	18
827	4	10	1978	15	DM	M	36	47
828	4	10	1978	18	DM	Null	Null	48
829	4	10	1978	1	DS	M	48	89
830	4	10	1978	18	DM	M	38	51
833	5	6	1978	2	PF	M	14	8
834	5	6	1978	22	DM	M	38	47
835	5	6	1978	2	DS	M	53	149
836	5	6	1978	9	DS	F	49	124
837	5	6	1978	6	DS	F	48	73
838	5	6	1978	2	DM	M	37	48
839	5	6	1978	9	DS	M	51	139
840	5	6	1978	6	DM	M	37	41
841	5	6	1978	20	DS	M	Null	123
842	5	6	1978	2	DM	F	38	41
843	5	6	1978	22	DS	F	50	114
844	5	6	1978	9	DS	F	46	59
845	5	6	1978	2	NL	M	32	204
846	5	6	1978	9	DS	F	Null	90
847	5	6	1978	20	DM	M	35	45
848	5	6	1978	22	NL	M	32	212
849	5	6	1978	2	DM	M	36	43
850	5	6	1978	22	DS	F	48	91
851	5	6	1978	9	DS	M	46	50
852	5	6	1978	13	DM	M	36	44
853	5	6	1978	9	DS	F	49	113
854	5	6	1978	9	DM	M	36	36
855	5	6	1978	9	DS	F	Null	90
856	5	6	1978	9	DM	F	37	50
859	5	6	1978	21	OT	F	13	9
861	5	17	1978	21	OL	F	19	29
862	5	17	1978	5	DS	M	52	137
863	5	17	1978	5	DS	M	48	57
864	5	17	1978	12	DS	F	Null	121
865	5	17	1978	20	DM	F	37	31
866	5	17	1978	12	DM	F	37	41
867	5	17	1978	6	DM	M	37	37
868	5	17	1978	6	DS	F	50	83
869	5	17	1978	20	NL	F	33	174
870	5	17	1978	22	DS	F	49	116
871	5	17	1978	6	DS	F	Null	74
872	5	17	1978	20	DS	M	52	130
874	5	17	1978	20	DM	M	37	40
875	5	17	1978	5	NL	F	33	212
876	5	17	1978	6	DM	M	36	41
877	5	17	1978	12	DS	F	50	83
880	5	18	1978	16	DM	M	Null	48
881	5	18	1978	18	DM	F	35	41
882	5	18	1978	11	DS	M	52	118
883	5	18	1978	17	PM	F	20	22
884	5	18	1978	18	DS	M	49	102
885	5	18	1978	11	DM	M	36	42
886	5	18	1978	3	NL	F	Null	182
887	5	18	1978	11	DM	F	34	29
888	5	18	1978	17	DM	M	34	23
889	5	18	1978	18	DS	F	50	138
890	5	18	1978	17	DS	M	49	131
891	5	18	1978	17	DM	M	35	41
892	5	18	1978	17	DS	F	50	115
893	5	18	1978	14	DS	F	48	121
894	5	18	1978	17	DM	F	35	38
895	5	18	1978	4	DS	M	50	126
896	5	18	1978	4	DS	F	50	120
897	5	18	1978	11	PP	M	21	15
898	5	18	1978	11	DM	F	35	29
899	5	18	1978	18	DM	F	33	43
900	5	18	1978	15	DM	M	37	41
901	5	18	1978	4	DS	F	48	68
902	5	18	1978	4	DS	M	Null	83
904	5	18	1978	11	DS	F	52	97
905	5	18	1978	17	DM	M	33	21
906	5	18	1978	11	DM	M	34	21
907	5	18	1978	14	DM	F	36	44
908	5	18	1978	17	DO	M	33	18
909	5	18	1978	4	DM	M	36	40
910	5	18	1978	17	DM	F	37	41
911	5	19	1978	9	DS	F	48	129
912	5	19	1978	2	DS	M	Null	148
913	5	19	1978	1	DM	M	37	42
914	5	19	1978	2	DM	F	Null	41
915	5	19	1978	13	OT	F	18	24
916	5	19	1978	8	DS	F	50	108
917	5	19	1978	1	DS	M	52	160
918	5	19	1978	2	OT	F	21	30
919	5	19	1978	8	DO	M	35	54
920	5	19	1978	8	PF	F	15	7
921	5	19	1978	8	DS	F	48	125
922	5	19	1978	1	DS	M	50	100
923	5	19	1978	1	DM	M	34	21
924	5	19	1978	2	DM	M	37	49
925	5	19	1978	9	DM	M	36	35
926	5	19	1978	1	DO	M	35	37
927	5	19	1978	9	DS	F	48	64
928	5	19	1978	1	DS	F	Null	131
929	5	19	1978	1	DS	M	48	54
930	5	19	1978	2	DM	M	36	44
931	5	19	1978	9	DS	F	46	90
932	5	19	1978	1	DM	F	37	39
933	5	19	1978	2	PP	F	20	13
934	5	19	1978	2	DS	F	47	114
937	6	8	1978	12	DS	M	Null	90
938	6	8	1978	20	DM	M	38	46
939	6	8	1978	8	DS	F	51	110
940	6	8	1978	11	DS	M	51	119
941	6	8	1978	17	DM	M	36	29
942	6	8	1978	20	DM	M	32	48
944	6	8	1978	9	DS	F	50	124
945	6	8	1978	12	DS	F	49	84
946	6	8	1978	11	DM	F	36	43
947	6	8	1978	17	DM	F	33	43
948	6	8	1978	9	DM	M	37	40
949	6	8	1978	22	DS	F	49	120
950	6	8	1978	8	DO	F	34	55
951	6	8	1978	17	OL	F	21	29
952	6	8	1978	20	DM	F	34	26
953	6	8	1978	12	DS	F	52	115
954	6	8	1978	22	DM	M	36	45
955	6	8	1978	9	DS	M	47	70
956	6	8	1978	17	DS	F	49	123
957	6	8	1978	12	DM	F	33	16
958	6	8	1978	20	DM	F	36	42
959	6	8	1978	8	DS	F	47	125
960	6	8	1978	12	DM	M	Null	19
961	6	8	1978	8	DO	M	36	55
962	6	8	1978	22	DS	F	47	117
963	6	8	1978	17	DS	M	50	133
964	6	8	1978	9	DM	M	36	36
965	6	8	1978	9	DS	F	Null	71
966	6	8	1978	17	DM	M	35	29
967	6	8	1978	22	DS	F	49	99
968	6	8	1978	22	PF	M	13	7
969	6	8	1978	21	PF	M	15	8
970	6	8	1978	12	DM	F	Null	39
971	6	8	1978	17	NL	F	32	135
972	6	8	1978	9	DS	F	Null	94
973	6	8	1978	9	DS	F	47	100
974	6	8	1978	11	DS	F	49	98
975	6	8	1978	17	DM	F	35	43
976	6	8	1978	8	PF	F	15	8
977	6	8	1978	17	DO	M	34	23
978	6	8	1978	21	OT	M	18	12
979	6	8	1978	11	DM	M	Null	26
980	6	8	1978	20	DS	M	51	124
981	6	8	1978	11	PP	M	21	15
982	6	8	1978	12	DS	F	51	84
987	6	9	1978	6	DM	M	36	24
989	6	9	1978	4	DS	M	50	122
990	6	9	1978	2	NL	M	Null	200
991	6	9	1978	13	PP	M	23	17
992	6	9	1978	14	DM	M	38	46
993	6	9	1978	2	DS	M	54	149
994	6	9	1978	18	DM	F	33	23
995	6	9	1978	2	PF	M	16	8
996	6	9	1978	18	DS	F	48	136
997	6	9	1978	18	DS	M	49	102
998	6	9	1978	14	DS	F	51	122
999	6	9	1978	18	DM	F	34	40
1000	6	9	1978	5	DS	F	46	71
1001	6	9	1978	18	DM	F	34	42
1002	6	9	1978	14	SS	M	Null	130
1003	6	9	1978	1	DS	M	53	160
1004	6	9	1978	6	DS	F	50	82
1005	6	9	1978	5	DS	M	54	134
1006	6	9	1978	6	DM	M	37	38
1007	6	9	1978	1	DM	F	37	40
1008	6	9	1978	18	DM	F	32	37
1009	6	9	1978	3	OT	F	20	29
1010	6	9	1978	13	DS	F	47	107
1011	6	9	1978	1	DS	M	52	100
1012	6	9	1978	6	DS	M	46	32
1013	6	9	1978	1	DO	M	35	38
1014	6	9	1978	6	DS	F	50	73
1015	6	9	1978	1	DS	F	Null	134
1016	6	9	1978	4	DS	F	49	119
1017	6	9	1978	5	DM	F	36	50
1018	6	9	1978	2	DM	M	36	43
1019	6	9	1978	1	DS	F	49	59
1020	6	9	1978	16	DM	M	38	48
1021	6	9	1978	1	DS	M	49	58
1022	6	9	1978	6	DM	M	37	41
1023	6	9	1978	4	DS	F	49	81
1024	6	9	1978	4	DS	M	50	93
1025	6	9	1978	14	DM	M	35	28
1026	6	9	1978	13	OL	M	22	44
1027	6	9	1978	13	OT	F	19	28
1028	6	9	1978	13	DM	F	36	24
1029	6	9	1978	18	NL	M	32	232
1031	7	7	1978	9	DS	F	51	127
1032	7	7	1978	11	PP	M	22	16
1033	7	7	1978	12	DM	F	38	44
1034	7	7	1978	17	DM	M	35	35
1035	7	7	1978	12	DM	M	31	17
1036	7	7	1978	12	DS	F	51	122
1037	7	7	1978	11	DS	M	52	122
1038	7	7	1978	20	DM	F	33	32
1039	7	7	1978	11	DM	F	37	48
1040	7	7	1978	12	DS	M	53	95
1041	7	7	1978	17	DM	M	37	45
1042	7	7	1978	8	DO	M	35	51
1043	7	7	1978	17	DM	M	36	47
1044	7	7	1978	22	DS	F	50	119
1045	7	7	1978	8	DS	F	49	124
1046	7	7	1978	12	DS	F	51	87
1047	7	7	1978	6	DS	F	50	85
1049	7	7	1978	9	DM	M	37	36
1050	7	7	1978	22	DS	F	49	123
1051	7	7	1978	8	DS	F	50	111
1052	7	7	1978	17	DM	F	33	39
1053	7	7	1978	12	DM	M	35	27
1054	7	7	1978	22	DS	F	52	105
1055	7	7	1978	17	DS	M	51	132
1056	7	7	1978	17	DM	F	36	45
1057	7	7	1978	11	DS	F	51	96
1058	7	7	1978	12	DM	F	35	40
1059	7	7	1978	17	DS	F	48	120
1060	7	7	1978	12	DM	M	37	43
1061	7	7	1978	2	DM	F	38	46
1062	7	7	1978	2	DM	F	37	43
1063	7	7	1978	9	DS	F	49	86
1064	7	7	1978	21	PF	M	16	8
1065	7	7	1978	9	DM	M	37	34
1066	7	7	1978	12	DS	M	52	106
1067	7	7	1978	12	OT	F	19	22
1068	7	7	1978	17	OL	F	20	29
1069	7	7	1978	9	DS	F	50	98
1070	7	7	1978	17	DO	M	35	33
1075	7	8	1978	13	DM	M	38	46
1076	7	8	1978	15	PP	F	21	12
1077	7	8	1978	4	DS	M	50	130
1078	7	8	1978	15	PP	F	23	10
1079	7	8	1978	18	DS	M	50	106
1080	7	8	1978	14	DM	F	36	39
1081	7	8	1978	14	NL	M	33	113
1082	7	8	1978	1	DM	F	38	45
1083	7	8	1978	3	NL	F	34	115
1084	7	8	1978	4	DM	F	36	36
1085	7	8	1978	18	DM	M	36	24
1086	7	8	1978	14	DS	F	51	120
1087	7	8	1978	3	NL	M	34	190
1088	7	8	1978	14	PP	M	23	10
1089	7	8	1978	16	DM	M	38	48
1090	7	8	1978	18	DM	F	35	29
1091	7	8	1978	18	DS	F	51	131
1092	7	8	1978	13	DM	F	36	34
1093	7	8	1978	1	DS	M	51	101
1094	7	8	1978	18	DM	F	34	37
1095	7	8	1978	5	DM	F	36	47
1096	7	8	1978	5	DS	M	52	133
1097	7	8	1978	1	DS	M	51	63
1098	7	8	1978	16	DM	M	36	46
1099	7	8	1978	4	DS	F	49	81
1100	7	8	1978	5	DS	M	50	71
1101	7	8	1978	1	DS	F	Null	65
1102	7	8	1978	4	DS	F	49	80
1103	7	8	1978	1	DS	F	Null	130
1104	7	8	1978	14	DM	F	38	47
1105	7	8	1978	4	DS	F	51	118
1106	7	8	1978	4	DS	M	51	91
1107	8	4	1978	12	DS	F	49	120
1108	8	4	1978	17	PE	M	20	19
1109	8	4	1978	22	DM	M	37	45
1110	8	4	1978	17	PE	F	19	14
1111	8	4	1978	8	DS	F	51	122
1112	8	4	1978	17	DM	M	35	37
1113	8	4	1978	20	DM	F	35	36
1114	8	4	1978	21	OT	Null	Null	19
1115	8	4	1978	12	DS	F	49	95
1116	8	4	1978	12	PP	M	22	18
1117	8	4	1978	20	OL	M	20	17
1118	8	4	1978	17	DS	F	48	123
1119	8	4	1978	12	NL	M	33	189
1120	8	4	1978	11	DM	F	30	17
1121	8	4	1978	17	DM	M	38	50
1122	8	4	1978	11	DS	M	53	126
1123	8	4	1978	17	DM	F	33	44
1124	8	4	1978	21	PF	M	15	8
1125	8	4	1978	12	DM	M	38	44
1126	8	4	1978	20	PP	F	22	13
1127	8	4	1978	9	DM	M	37	39
1128	8	4	1978	22	DS	F	52	115
1129	8	4	1978	17	DO	M	35	38
1130	8	4	1978	17	DS	M	51	138
1131	8	4	1978	20	NL	F	33	179
1132	8	4	1978	19	PM	F	Null	21
1133	8	4	1978	12	DS	M	52	105
1134	8	4	1978	11	DM	F	35	43
1135	8	4	1978	21	PP	M	19	14
1136	8	4	1978	12	DM	M	35	32
1137	8	4	1978	8	DM	F	36	36
1138	8	4	1978	9	DM	M	38	40
1139	8	4	1978	11	DM	M	37	36
1140	8	4	1978	19	PM	M	20	19
1141	8	4	1978	9	DS	F	47	139
1142	8	4	1978	21	OL	M	20	20
1143	8	4	1978	11	DS	F	52	108
1144	8	4	1978	19	OT	M	19	12
1145	8	4	1978	12	DM	F	37	39
1146	8	4	1978	17	NL	F	32	149
1148	8	5	1978	6	DM	F	38	43
1149	8	5	1978	16	DM	M	38	48
1150	8	5	1978	18	DM	F	36	33
1151	8	5	1978	2	DS	M	52	165
1152	8	5	1978	13	DM	F	37	41
1153	8	5	1978	18	DS	M	49	112
1154	8	5	1978	4	DM	F	36	35
1155	8	5	1978	6	DS	F	50	100
1157	8	5	1978	4	DM	F	34	34
1158	8	5	1978	5	DS	F	48	88
1159	8	5	1978	2	DM	F	36	31
1160	8	5	1978	14	DS	F	49	123
1161	8	5	1978	6	PF	F	16	6
1162	8	5	1978	5	DS	M	53	137
1164	8	5	1978	2	NL	M	34	199
1166	8	5	1978	4	DS	M	48	96
1167	8	5	1978	18	DM	F	34	41
1168	8	5	1978	15	NL	F	31	196
1169	8	5	1978	1	DS	M	51	100
1170	8	5	1978	6	DM	M	37	40
1171	8	5	1978	1	DS	Null	Null	130
1172	8	5	1978	6	DS	F	49	98
1173	8	5	1978	13	DM	F	37	34
1174	8	5	1978	13	OL	F	21	29
1176	8	5	1978	18	DM	F	33	36
1177	8	5	1978	14	DM	M	35	36
1178	8	5	1978	16	DM	M	38	49
1179	8	5	1978	18	DM	M	35	30
1180	8	5	1978	4	DS	F	48	83
1181	8	5	1978	15	PP	F	21	14
1182	8	5	1978	1	DS	F	50	88
1183	8	5	1978	2	DM	F	37	47
1184	8	5	1978	14	DM	F	36	43
1185	8	5	1978	1	DS	F	51	136
1186	8	5	1978	4	DS	F	47	82
1187	8	5	1978	16	OL	F	Null	33
1188	8	5	1978	1	DS	M	51	70
1189	8	5	1978	4	DS	F	50	119
1191	8	5	1978	5	DS	F	51	115
1196	9	3	1978	17	OL	F	21	33
1197	9	3	1978	12	NL	F	Null	158
1198	9	3	1978	17	DM	M	37	46
1199	9	3	1978	12	DS	M	51	107
1200	9	3	1978	11	DS	M	51	126
1201	9	3	1978	12	PP	M	23	19
1202	9	3	1978	7	PE	F	30	24
1203	9	3	1978	11	DM	F	35	45
1204	9	3	1978	12	NL	M	Null	189
1205	9	3	1978	8	DS	F	52	122
1206	9	3	1978	20	DM	F	37	39
1207	9	3	1978	12	DM	F	35	31
1208	9	3	1978	11	DM	M	36	30
1209	9	3	1978	12	DS	F	51	124
1210	9	3	1978	8	DO	M	35	54
1211	9	3	1978	9	DS	F	51	133
1212	9	3	1978	17	DS	F	51	122
1213	9	3	1978	22	DS	F	Null	110
1214	9	3	1978	21	PF	M	16	7
1215	9	3	1978	17	DM	M	39	52
1216	9	3	1978	17	DM	M	39	49
1217	9	3	1978	20	PF	M	16	8
1218	9	3	1978	7	PE	M	21	19
1219	9	3	1978	9	DM	M	38	43
1220	9	3	1978	20	NL	F	31	181
1221	9	3	1978	11	PP	F	22	14
1222	9	3	1978	11	OT	M	20	24
1223	9	3	1978	22	DS	F	50	128
1224	9	3	1978	17	DS	M	51	136
1225	9	3	1978	9	DS	F	50	100
1226	9	3	1978	17	DM	F	34	44
1227	9	3	1978	11	PP	M	22	13
1228	9	3	1978	8	DM	F	36	40
1229	9	3	1978	9	DM	M	38	41
1230	9	3	1978	19	PF	M	16	6
1231	9	3	1978	20	DS	M	51	127
1232	9	3	1978	9	PF	M	15	7
1233	9	3	1978	21	OL	M	21	24
1234	9	3	1978	8	DS	F	49	134
1235	9	3	1978	11	OT	F	20	20
1236	9	3	1978	21	PP	M	22	15
1238	9	3	1978	22	DS	F	50	125
1239	9	3	1978	12	DS	F	50	100
1240	9	3	1978	19	PE	F	20	13
1241	9	3	1978	12	DM	M	34	37
1242	9	3	1978	8	DM	F	35	40
1243	9	3	1978	9	DS	F	47	114
1244	9	3	1978	11	DS	F	52	110
1245	9	3	1978	11	DM	M	38	41
1246	9	3	1978	8	PF	M	15	8
1247	9	3	1978	12	DM	M	38	47
1250	9	4	1978	3	NL	F	34	141
1251	9	4	1978	6	DM	F	38	46
1252	9	4	1978	14	DM	F	36	40
1253	9	4	1978	13	OL	M	21	36
1254	9	4	1978	18	DS	M	52	107
1255	9	4	1978	4	DM	F	37	39
1256	9	4	1978	3	OT	M	21	27
1257	9	4	1978	3	PP	F	21	13
1259	9	4	1978	14	DM	M	36	47
1260	9	4	1978	18	DS	F	48	134
1261	9	4	1978	2	NL	M	32	197
1262	9	4	1978	5	DM	F	36	39
1263	9	4	1978	13	DS	F	48	86
1264	9	4	1978	15	PP	F	20	15
1265	9	4	1978	15	PF	F	16	6
1266	9	4	1978	2	DS	M	53	158
1267	9	4	1978	4	DS	M	51	118
1268	9	4	1978	1	DS	F	48	123
1269	9	4	1978	2	DM	F	38	41
1270	9	4	1978	5	DM	F	35	49
1271	9	4	1978	1	DS	M	51	124
1272	9	4	1978	2	DM	F	36	42
1274	9	4	1978	6	DS	F	51	106
1275	9	4	1978	3	PF	F	17	7
1276	9	4	1978	18	DM	M	35	38
1277	9	4	1978	2	DM	F	38	47
1278	9	4	1978	6	DS	F	49	114
1280	9	4	1978	5	DS	M	52	140
1282	9	4	1978	4	PF	F	16	6
1283	9	4	1978	2	PE	F	20	20
1284	9	4	1978	6	DO	M	33	45
1285	9	4	1978	14	NL	M	32	118
1286	9	4	1978	3	OT	F	20	28
1287	9	4	1978	13	DS	F	48	112
1288	9	4	1978	1	OT	M	19	20
1289	9	4	1978	14	DM	F	36	47
1291	9	4	1978	5	DM	F	37	38
1292	9	4	1978	4	DS	F	47	77
1293	9	4	1978	5	DS	F	51	126
1294	9	4	1978	2	PP	M	21	19
1295	9	4	1978	18	PE	F	18	16
1296	9	4	1978	1	DS	F	52	138
1297	9	4	1978	4	DS	F	52	125
1298	9	4	1978	5	DS	F	51	106
1299	9	4	1978	6	DM	M	34	43
1300	9	4	1978	13	DM	F	37	38
1301	9	4	1978	2	PE	M	20	17
1302	9	4	1978	4	DM	F	36	37
1305	10	6	1978	1	DS	F	47	120
1306	10	6	1978	1	DM	F	34	38
1307	10	6	1978	1	DS	M	50	125
1309	10	6	1978	1	DM	F	36	51
1310	10	7	1978	20	DM	F	36	41
1311	10	7	1978	9	OT	M	20	18
1312	10	7	1978	11	DM	F	34	45
1313	10	7	1978	17	OL	M	20	30
1314	10	7	1978	8	DS	F	50	118
1315	10	7	1978	11	DS	M	50	108
1316	10	7	1978	21	OL	M	20	30
1317	10	7	1978	11	DM	M	37	45
1318	10	7	1978	11	PP	F	21	15
1320	10	7	1978	20	DM	F	35	35
1321	10	7	1978	8	DO	M	36	50
1322	10	7	1978	12	DM	F	37	41
1323	10	7	1978	22	DS	F	51	112
1324	10	7	1978	9	DM	F	37	41
1325	10	7	1978	9	DS	F	50	129
1326	10	7	1978	20	DS	M	52	131
1327	10	7	1978	11	DO	M	34	45
1328	10	7	1978	17	DM	F	35	41
1329	10	7	1978	12	DM	M	36	40
1330	10	7	1978	17	DS	M	52	134
1331	10	7	1978	9	DS	M	50	132
1332	10	7	1978	17	DM	F	37	42
1333	10	7	1978	17	DS	F	50	121
1334	10	7	1978	12	DS	F	51	120
1335	10	7	1978	9	DS	F	50	98
1336	10	7	1978	22	DS	F	50	124
1338	10	7	1978	8	DS	F	Null	129
1339	10	7	1978	17	DM	M	38	48
1340	10	7	1978	11	DS	F	49	118
1341	10	7	1978	9	DM	M	37	37
1342	10	7	1978	9	DS	F	50	99
1343	10	7	1978	11	PF	F	15	6
1344	10	7	1978	11	DM	M	38	38
1346	10	7	1978	11	DM	F	35	41
1348	10	7	1978	8	DM	F	36	35
1351	10	8	1978	2	PF	M	15	6
1353	10	8	1978	4	DM	F	35	36
1354	10	8	1978	5	OT	F	21	20
1355	10	8	1978	5	OT	M	20	19
1356	10	8	1978	14	DM	F	36	37
1357	10	8	1978	18	PF	F	15	7
1358	10	8	1978	5	DS	M	52	131
1359	10	8	1978	13	DM	F	37	37
1360	10	8	1978	18	DS	M	48	113
1363	10	8	1978	18	DS	M	49	112
1364	10	8	1978	14	DS	F	50	121
1365	10	8	1978	2	DS	M	53	149
1367	10	8	1978	6	DS	F	52	110
1368	10	8	1978	15	PP	F	21	16
1369	10	8	1978	6	DM	M	37	38
1370	10	8	1978	2	DM	F	36	39
1371	10	8	1978	4	DS	M	53	115
1372	10	8	1978	13	PF	F	15	7
1373	10	8	1978	18	DS	F	51	135
1375	10	8	1978	13	PP	M	23	20
1376	10	8	1978	6	DS	F	48	102
1378	10	8	1978	18	PP	M	21	16
1379	10	8	1978	14	DM	M	38	45
1380	10	8	1978	3	PF	F	16	6
1381	10	8	1978	5	OT	F	20	25
1382	10	8	1978	2	DM	F	38	42
1383	10	8	1978	5	DM	F	36	46
1384	10	8	1978	13	DS	F	48	106
1385	10	8	1978	13	OL	F	20	24
1386	10	8	1978	15	PF	F	15	7
1387	10	8	1978	4	DS	F	51	120
1389	10	8	1978	13	DM	F	37	37
1390	10	8	1978	5	OT	M	20	25
1391	10	8	1978	13	OL	M	20	34
1392	10	8	1978	6	DM	M	36	45
1394	10	8	1978	18	DM	M	36	39
1395	10	8	1978	19	PE	Null	Null	18
1396	11	4	1978	9	DM	M	35	42
1397	11	4	1978	11	DM	F	36	37
1398	11	4	1978	17	DS	F	50	120
1399	11	4	1978	12	DS	F	50	116
1400	11	4	1978	19	PF	M	15	6
1401	11	4	1978	8	DS	F	49	124
1402	11	4	1978	1	DM	F	36	39
1403	11	4	1978	1	DS	M	Null	133
1404	11	4	1978	1	DS	F	47	125
1405	11	4	1978	11	OT	F	20	23
1406	11	4	1978	9	DM	F	37	38
1407	11	4	1978	12	DM	M	36	32
1408	11	4	1978	17	DM	F	33	40
1409	11	4	1978	8	DO	M	35	54
1410	11	4	1978	11	OL	M	20	33
1411	11	4	1978	9	DS	F	50	126
1412	11	4	1978	9	DS	M	48	136
1413	11	4	1978	8	OL	F	20	28
1414	11	4	1978	17	DS	M	Null	137
1415	11	4	1978	8	DM	F	35	37
1416	11	4	1978	1	DM	F	35	39
1417	11	4	1978	12	DM	F	35	42
1418	11	4	1978	8	DO	F	32	45
1419	11	4	1978	9	DM	F	33	39
1420	11	4	1978	19	OT	M	20	21
1421	11	4	1978	12	OT	F	21	22
1422	11	4	1978	1	DS	M	52	130
1423	11	4	1978	9	DS	F	50	101
1424	11	4	1978	17	DO	F	31	45
1425	11	4	1978	22	DS	F	49	129
1426	11	4	1978	11	DM	M	37	45
1427	11	4	1978	21	PF	F	15	6
1428	11	4	1978	12	DM	M	37	45
1429	11	4	1978	20	DS	M	50	130
1430	11	4	1978	9	DM	M	37	39
1431	11	4	1978	9	DS	F	46	108
1432	11	4	1978	11	OL	F	20	28
1433	11	4	1978	17	DM	M	39	49
1434	11	4	1978	11	DM	M	38	39
1435	11	4	1978	17	SH	M	29	89
1436	11	4	1978	8	OT	F	20	24
1439	11	5	1978	6	DM	M	35	43
1440	11	5	1978	4	DM	F	36	36
1441	11	5	1978	6	DM	F	36	41
1442	11	5	1978	13	DM	F	39	40
1443	11	5	1978	5	OT	M	20	21
1444	11	5	1978	18	DM	F	34	37
1445	11	5	1978	6	DM	F	35	36
1447	11	5	1978	6	DS	F	50	111
1448	11	5	1978	14	DM	M	37	45
1449	11	5	1978	5	DS	M	52	132
1450	11	5	1978	13	DS	F	48	107
1451	11	5	1978	18	DS	M	50	119
1452	11	5	1978	18	DS	F	51	121
1453	11	5	1978	2	NL	M	Null	218
1454	11	5	1978	4	DS	M	49	111
1455	11	5	1978	18	OL	M	20	37
1456	11	5	1978	6	DM	M	37	37
1457	11	5	1978	18	OL	M	20	26
1458	11	5	1978	4	DM	M	35	38
1459	11	5	1978	6	DS	F	47	105
1460	11	5	1978	18	DM	M	36	41
1461	11	5	1978	2	DM	F	36	38
1462	11	5	1978	4	OT	F	20	22
1463	11	5	1978	14	DS	F	46	121
1464	11	5	1978	18	DM	F	36	38
1465	11	5	1978	14	NL	M	32	153
1466	11	5	1978	14	DM	F	36	43
1467	11	5	1978	2	PE	M	20	22
1468	11	5	1978	13	DM	F	37	40
1469	11	5	1978	2	DM	F	38	41
1471	11	5	1978	13	DM	F	37	37
1472	11	5	1978	2	OT	F	20	23
1473	11	5	1978	4	OT	M	20	28
1477	12	2	1978	17	OL	F	21	28
1478	12	2	1978	19	RM	M	17	8
1479	12	2	1978	9	OL	M	21	34
1481	12	2	1978	9	OL	F	21	29
1482	12	2	1978	22	OL	M	20	28
1483	12	2	1978	11	DM	F	36	37
1484	12	2	1978	9	DS	F	51	128
1485	12	2	1978	17	DM	F	34	40
1486	12	2	1978	11	DM	M	38	44
1487	12	2	1978	1	DM	F	36	37
1488	12	2	1978	17	DS	F	47	119
1489	12	2	1978	12	DM	M	35	39
1490	12	2	1978	12	NL	M	32	223
1491	12	2	1978	22	OL	M	21	33
1492	12	2	1978	1	DM	F	34	38
1493	12	2	1978	11	OT	F	20	25
1494	12	2	1978	21	RM	F	17	7
1495	12	2	1978	22	OL	F	21	32
1496	12	2	1978	9	DM	F	36	41
1497	12	2	1978	20	DS	M	51	136
1498	12	2	1978	11	DM	M	38	46
1499	12	2	1978	9	DS	F	49	101
1500	12	2	1978	8	DO	M	33	52
1501	12	2	1978	8	DS	F	49	122
1503	12	2	1978	22	DS	F	50	118
1504	12	2	1978	12	DS	F	51	116
1505	12	2	1978	8	OL	F	21	30
1506	12	2	1978	17	DO	F	33	44
1507	12	2	1978	9	OL	M	21	44
1508	12	2	1978	22	OL	M	20	27
1509	12	2	1978	22	DS	F	51	132
1511	12	2	1978	1	DM	M	37	42
1512	12	2	1978	20	NL	F	31	181
1513	12	2	1978	9	DM	M	38	40
1514	12	2	1978	11	DM	M	38	38
1515	12	2	1978	22	DM	M	37	42
1516	12	2	1978	17	OL	M	21	32
1519	12	3	1978	2	DM	M	38	46
1520	12	3	1978	14	DS	F	47	120
1521	12	3	1978	6	DS	F	52	113
1522	12	3	1978	13	DM	F	38	42
1523	12	3	1978	18	DM	F	36	44
1524	12	3	1978	5	DM	F	36	37
1525	12	3	1978	18	DS	M	47	126
1526	12	3	1978	18	DS	F	51	124
1527	12	3	1978	6	DS	F	50	111
1528	12	3	1978	6	DM	M	36	42
1529	12	3	1978	2	DM	M	38	38
1530	12	3	1978	14	NL	M	Null	169
1531	12	3	1978	4	DS	M	51	118
1532	12	3	1978	13	OL	F	21	29
1533	12	3	1978	3	OT	F	20	23
1534	12	3	1978	2	DM	F	37	40
1535	12	3	1978	2	DM	F	38	43
1536	12	3	1978	18	DM	F	35	38
1537	12	3	1978	5	DS	M	51	142
1538	12	3	1978	14	DM	M	38	45
1539	12	3	1978	2	DM	M	36	49
1540	12	3	1978	13	DS	F	47	111
1542	12	3	1978	3	OT	M	20	28
1543	12	3	1978	2	OL	F	22	38
1544	12	3	1978	2	OL	M	21	32
1546	12	3	1978	6	OL	M	22	36
1547	12	3	1978	5	OT	F	22	26
1548	12	3	1978	5	OT	M	20	21
1551	12	3	1978	16	DM	M	38	45
