Key	data2_C	data2_D	data1_A	data1_B
4	a2	b2	c1	d1
3	c2	d2		
1			a1	b1
2			e1	f1
