Quantity.foo	count	percent	histogram
'str' object has no attribute 'foo'	49	100.00	************************
