[
{"val": 0.0},
{"val": 0.0},
{"val": 0.0},
{"val": 1.0},
{"val": 1.0},
{"val": 1.0}
]
