Quantity	count	percent	histogram
(2, 2)	1	2.04	*
(3, 3)	48	97.96	**************************************************
