Total	count	Quantity_mean
Total	49	8.18
Selected	11	29.36
