Key	A	B	oneway	another
1	A	B		
2	C	D	F	H
2	G	F	F	H
3			Z	Y
