Quantity	count	percent	histogram
4	10	35.71	*****
2	4	14.29	**
30	3	10.71	*
5	3	10.71	*
3	3	10.71	*
6	2	7.14	*
12	1	3.57	
50	1	3.57	
144	1	3.57	
