season	episode	episode	rating	votes
1.00	0.00	0	7.00	1415.00
1.00	1.00	1	8.00	3441.00
1.00	2.00	2	8.00	2973.00
1.00	3.00	3	7.00	2994.00
