s	count	percent	histogram
1	3	16.67	**************************************************
2	3	16.67	**************************************************
3	3	16.67	**************************************************
4	3	16.67	**************************************************
5	3	16.67	**************************************************
6	3	16.67	**************************************************
