agecat	gender	accid	pop
1.00	1.00	57997.00	198522.00
2.00	1.00	57113.00	203200.00
3.00	1.00	54123.00	200744.00
1.00	0.00	63936.00	187791.00
2.00	0.00	64835.00	195714.00
3.00	0.00	66804.00	208239.00
