Quantity	count	percent	histogram
1.00 - 21.43	44	89.80	**************************************************
21.43 - 41.86	3	6.12	***
41.86 - 62.29	1	2.04	*
123.57 - 144.00	1	2.04	*
62.29 - 82.71	0	0.00	
82.71 - 103.14	0	0.00	
103.14 - 123.57	0	0.00	
