Key	data1_A	data1_B	data2_C	data2_D
1	a1	b1		
2	c1	d1	a2	b2
2	e1	f1	a2	b2
