Key	data2_C	data2_D	data1_A	data1_B
2	a2	b2	c1	d1
2	a2	b2	e1	f1
3	c2	d2		
