Rep	Total_Units_sum	Units_sum_Pencil	Units_sum_Binder	Units_sum_Pen	Units_sum_Desk	Units_sum_Pen Set	Total_count
Jones	396	130	124	64	0	78	8
Kivell	193	0	50	0	5	138	4
Jardine	281	126	105	0	0	50	5
Gill	213	60	126	27	0	0	5
Sorvino	142	56	7	76	3	0	4
Andrews	183	155	28	0	0	0	4
Thompson	89	32	57	0	0	0	2
Morgan	173	90	28	0	0	55	3
Howard	125	0	29	96	0	0	2
Parent	170	0	81	15	0	74	3
Smith	156	67	87	0	2	0	3
