key1	qty_sum_foo	qty_sum_baz	qty_sum_bar	Total_qty_sum	Total_count
2018-10-20	0	0	0	0	1
2018-07-27	0	256	0	320	3
2017-12-25	0	0	16	16	1
2016-01-01	1	0	0	3	2
date(None)	0	36	0	36	2
Expecting ':' delimiter: line 1 column 34 (char 33)	0	0	0	0	1
