name	rows	cols	id	classes
table_0	0	0		test_empty
links	0	5		
