species_id	Total_hindfoot_length_mean	M_hindfoot_length_mean	F_hindfoot_length_mean	_hindfoot_length_mean	Total_count
DM	36.10	36.35	35.81		536
DO	33.91	34.44	33.27		34
PF	14.95	15.00	14.90		57
OX	20.00	19.00	21.00		3
PP	21.35	21.77	20.92		26
PE	21.07	20.89	21.40		16
OT	19.41	19.55	19.36	18.00	52
OL	20.57	20.60	20.56	20.00	40
RM	17.00	17.50	16.50		4
DS	49.84	50.82	49.31		329
NL	32.43	32.46	32.40		32
PM	20.00	20.00	20.00		3
SS					1
SH	29.00	29.00			1
