key1	key2	qty	amt
2016-01-01 11:00:00	foo	1	
2016-01-01 1:00		2	3
	baz	4	43.2
{"key1": "2017-12-25 8:43", "foo", "amt": ".03", "qty": null}	{"key1": "2017-12-25 8:43", "foo", "amt": ".03", "qty": null}	{"key1": "2017-12-25 8:43", "foo", "amt": ".03", "qty": null}	{"key1": "2017-12-25 8:43", "foo", "amt": ".03", "qty": null}
2017-12-25 8:44	bar	16	.3
	baz	32	3.3
2018-07-27 4:44		64	9.1
2018-07-27 16:44	bar		
2018-07-27 18:44	baz	256	.01
2018-10-20 18:44	foo	30.0	.01
